[INFO] Scanning for projects...
[INFO] 
[INFO] -------------------< com.collabeditor:collabeditor >--------------------
[INFO] Building collabeditor 0.0.1-SNAPSHOT
[INFO]   from pom.xml
[INFO] --------------------------------[ jar ]---------------------------------
[INFO] 
[INFO] >>> spring-boot:3.5.0:run (default-cli) > test-compile @ collabeditor >>>
[INFO] 
[INFO] --- resources:3.3.1:resources (default-resources) @ collabeditor ---
[INFO] Copying 1 resource from src/main/resources to target/classes
[INFO] Copying 0 resource from src/main/resources to target/classes
[INFO] 
[INFO] --- compiler:3.14.0:compile (default-compile) @ collabeditor ---
[INFO] Nothing to compile - all classes are up to date.
[INFO] 
[INFO] --- resources:3.3.1:testResources (default-testResources) @ collabeditor ---
[INFO] skip non existing resourceDirectory /Users/tej/Downloads/Projects/realtime_code_ide/collabeditor/src/test/resources
[INFO] 
[INFO] --- compiler:3.14.0:testCompile (default-testCompile) @ collabeditor ---
[INFO] Nothing to compile - all classes are up to date.
[INFO] 
[INFO] <<< spring-boot:3.5.0:run (default-cli) < test-compile @ collabeditor <<<
[INFO] 
[INFO] 
[INFO] --- spring-boot:3.5.0:run (default-cli) @ collabeditor ---
[INFO] Attaching agents: []

  .   ____          _            __ _ _
 /\\ / ___'_ __ _ _(_)_ __  __ _ \ \ \ \
( ( )\___ | '_ | '_| | '_ \/ _` | \ \ \ \
 \\/  ___)| |_)| | | | | || (_| |  ) ) ) )
  '  |____| .__|_| |_|_| |_\__, | / / / /
 =========|_|==============|___/=/_/_/_/

 :: Spring Boot ::                (v3.5.0)

2026-05-03T21:03:52.296+05:30  INFO 15827 --- [collabeditor] [           main] c.collabeditor.CollabEditorApplication   : Starting CollabEditorApplication using Java 20.0.1 with PID 15827 (/Users/tej/Downloads/Projects/realtime_code_ide/collabeditor/target/classes started by tej in /Users/tej/Downloads/Projects/realtime_code_ide/collabeditor)
2026-05-03T21:03:52.300+05:30  INFO 15827 --- [collabeditor] [           main] c.collabeditor.CollabEditorApplication   : No active profile set, falling back to 1 default profile: "default"
2026-05-03T21:03:52.755+05:30  INFO 15827 --- [collabeditor] [           main] .s.d.r.c.RepositoryConfigurationDelegate : Bootstrapping Spring Data JPA repositories in DEFAULT mode.
2026-05-03T21:03:52.786+05:30  INFO 15827 --- [collabeditor] [           main] .s.d.r.c.RepositoryConfigurationDelegate : Finished Spring Data repository scanning in 26 ms. Found 3 JPA repository interfaces.
2026-05-03T21:03:53.035+05:30  INFO 15827 --- [collabeditor] [           main] o.s.b.w.embedded.tomcat.TomcatWebServer  : Tomcat initialized with port 8080 (http)
2026-05-03T21:03:53.043+05:30  INFO 15827 --- [collabeditor] [           main] o.apache.catalina.core.StandardService   : Starting service [Tomcat]
2026-05-03T21:03:53.043+05:30  INFO 15827 --- [collabeditor] [           main] o.apache.catalina.core.StandardEngine    : Starting Servlet engine: [Apache Tomcat/10.1.41]
2026-05-03T21:03:53.066+05:30  INFO 15827 --- [collabeditor] [           main] o.a.c.c.C.[Tomcat].[localhost].[/]       : Initializing Spring embedded WebApplicationContext
2026-05-03T21:03:53.067+05:30  INFO 15827 --- [collabeditor] [           main] w.s.c.ServletWebServerApplicationContext : Root WebApplicationContext: initialization completed in 721 ms
2026-05-03T21:03:53.146+05:30  INFO 15827 --- [collabeditor] [           main] o.hibernate.jpa.internal.util.LogHelper  : HHH000204: Processing PersistenceUnitInfo [name: default]
2026-05-03T21:03:53.170+05:30  INFO 15827 --- [collabeditor] [           main] org.hibernate.Version                    : HHH000412: Hibernate ORM core version 6.6.15.Final
2026-05-03T21:03:53.192+05:30  INFO 15827 --- [collabeditor] [           main] o.h.c.internal.RegionFactoryInitiator    : HHH000026: Second-level cache disabled
2026-05-03T21:03:53.312+05:30  INFO 15827 --- [collabeditor] [           main] o.s.o.j.p.SpringPersistenceUnitInfo      : No LoadTimeWeaver setup: ignoring JPA class transformer
2026-05-03T21:03:53.327+05:30  INFO 15827 --- [collabeditor] [           main] com.zaxxer.hikari.HikariDataSource       : HikariPool-1 - Starting...
2026-05-03T21:03:53.385+05:30  INFO 15827 --- [collabeditor] [           main] com.zaxxer.hikari.pool.HikariPool        : HikariPool-1 - Added connection org.postgresql.jdbc.PgConnection@7f12094d
2026-05-03T21:03:53.385+05:30  INFO 15827 --- [collabeditor] [           main] com.zaxxer.hikari.HikariDataSource       : HikariPool-1 - Start completed.
2026-05-03T21:03:53.426+05:30  INFO 15827 --- [collabeditor] [           main] org.hibernate.orm.connections.pooling    : HHH10001005: Database info:
	Database JDBC URL [Connecting through datasource 'HikariDataSource (HikariPool-1)']
	Database driver: undefined/unknown
	Database version: 16.13
	Autocommit mode: undefined/unknown
	Isolation level: undefined/unknown
	Minimum pool size: undefined/unknown
	Maximum pool size: undefined/unknown
2026-05-03T21:03:53.789+05:30  INFO 15827 --- [collabeditor] [           main] o.h.e.t.j.p.i.JtaPlatformInitiator       : HHH000489: No JTA platform available (set 'hibernate.transaction.jta.platform' to enable JTA platform integration)
2026-05-03T21:03:53.825+05:30  INFO 15827 --- [collabeditor] [           main] j.LocalContainerEntityManagerFactoryBean : Initialized JPA EntityManagerFactory for persistence unit 'default'
2026-05-03T21:03:53.978+05:30  WARN 15827 --- [collabeditor] [           main] JpaBaseConfiguration$JpaWebConfiguration : spring.jpa.open-in-view is enabled by default. Therefore, database queries may be performed during view rendering. Explicitly configure spring.jpa.open-in-view to disable this warning
2026-05-03T21:03:54.130+05:30  WARN 15827 --- [collabeditor] [           main] ConfigServletWebServerApplicationContext : Exception encountered during context initialization - cancelling refresh attempt: org.springframework.context.ApplicationContextException: Failed to start bean 'webServerStartStop'
2026-05-03T21:03:54.131+05:30  INFO 15827 --- [collabeditor] [           ma2026-05-03T21:04:45.714+05:30  INFO 15685 --- [collabeditor] [nio-8080-exec-1] o.a.c.c.C.[Tomcat].[localhost].[/]       : Initializing Spring DispatcherServlet 'dispatcherServlet'
2026-05-03T21:04:45.714+05:30  INFO 15685 --- [collabeditor] [nio-8080-exec-1] o.s.web.servlet.DispatcherServlet        : Initializing Servlet 'dispatcherServlet'
2026-05-03T21:04:45.720+05:30  INFO 15685 --- [collabeditor] [nio-8080-exec-1] o.s.web.servlet.DispatcherServlet        : Completed initialization in 5 ms
Hibernate: insert into users (created_at,password_hash,username,id) values (?,?,?,?)
Hibernate: select u1_0.id,u1_0.created_at,u1_0.password_hash,u1_0.username from users u1_0 where u1_0.username=?
Hibernate: insert into rooms (created_at,created_by,is_active,name,id) values (?,?,?,?,?)
Hibernate: select r1_0.id,r1_0.created_at,r1_0.created_by,r1_0.is_active,r1_0.name from rooms r1_0 where r1_0.id=?
Hibernate: select rp1_0.id,rp1_0.joined_at,rp1_0.room_id,rp1_0.user_id from room_participants rp1_0 where rp1_0.room_id=?
2026-05-03T21:04:59.185+05:30  INFO 15685 --- [collabeditor] [ionShutdownHook] o.s.b.w.e.tomcat.GracefulShutdown        : Commencing graceful shutdown. Waiting for active requests to complete
2026-05-03T21:04:59.189+05:30  INFO 15685 --- [collabeditor] [tomcat-shutdown] o.s.b.w.e.tomcat.GracefulShutdown        : Graceful shutdown complete
2026-05-03T21:04:59.193+05:30  INFO 15685 --- [collabeditor] [ionShutdownHook] j.LocalContainerEntityManagerFactoryBean : Closing JPA EntityManagerFactory for persistence unit 'default'
2026-05-03T21:04:59.195+05:30  INFO 15685 --- [collabeditor] [ionShutdownHook] com.zaxxer.hikari.HikariDataSource       : HikariPool-1 - Shutdown initiated...
2026-05-03T21:04:59.196+05:30  INFO 15685 --- [collabeditor] [ionShutdownHook] com.zaxxer.hikari.HikariDataSource       : HikariPool-1 - Shutdown completed.
[INFO] ------------------------------------------------------------------------
[INFO] BUILD FAILURE
[INFO] ------------------------------------------------------------------------
[INFO] Total time:  01:38 min
[INFO] Finished at: 2026-05-03T21:04:59+05:30
[INFO] ------------------------------------------------------------------------
[ERROR] Failed to execute goal org.springframework.boot:spring-boot-maven-plugin:3.5.0:run (default-cli) on project collabeditor: Process terminated with exit code: 143 -> [Help 1]
[ERROR] 
[ERROR] To see the full stack trace of the errors, re-run Maven with the -e switch.
[ERROR] Re-run Maven using the -X switch to enable full debug logging.
[ERROR] 
[ERROR] For more information about the errors and possible solutions, please read the following articles:
[ERROR] [Help 1] http://cwiki.apache.org/confluence/display/MAVEN/MojoExecutionException
